Ok(
    File {
        roots: [
            Line {
                sentence: Sentence {
                    statements: [
                        (
                            Chain(
                                [
                                    Symbol "fn",
                                ],
                            ),
                            Span (2, 0):(2, 2),
                        ),
                        (
                            Chain(
                                [
                                    Symbol "func",
                                ],
                            ),
                            Span (2, 3):(2, 7),
                        ),
                        (
                            Bracket(
                                (
                                    Round,
                                    [],
                                ),
                            ),
                            Span (2, 7):(2, 9),
                        ),
                        (
                            Special(
                                Symbol "->",
                            ),
                            Span (2, 10):(2, 12),
                        ),
                        (
                            Bracket(
                                (
                                    Round,
                                    [
                                        Sentence {
                                            statements: [
                                                (
                                                    Chain(
                                                        [
                                                            Symbol "T",
                                                        ],
                                                    ),
                                                    Span (2, 13):(2, 15),
                                                ),
                                            ],
                                            span: Span (2, 13):(2, 15),
                                        },
                                    ],
                                ),
                            ),
                            Span (2, 15):(2, 16),
                        ),
                    ],
                    span: Span (2, 0):(2, 16),
                },
                extension: [
                    Line {
                        sentence: Sentence {
                            statements: [
                                (
                                    Chain(
                                        [
                                            Symbol "fn",
                                        ],
                                    ),
                                    Span (4, 8):(4, 10),
                                ),
                                (
                                    Special(
                                        Symbol "<--",
                                    ),
                                    Span (4, 11):(4, 14),
                                ),
                                (
                                    Chain(
                                        [
                                            Symbol "is",
                                        ],
                                    ),
                                    Span (4, 15):(4, 17),
                                ),
                                (
                                    Chain(
                                        [
                                            Symbol "simple",
                                        ],
                                    ),
                                    Span (4, 18):(4, 24),
                                ),
                            ],
                            span: Span (4, 8):(4, 24),
                        },
                        extension: [],
                        content: [],
                        num: 4,
                    },
                ],
                content: [
                    Line {
                        sentence: Sentence {
                            statements: [
                                (
                                    Chain(
                                        [
                                            Symbol "let",
                                        ],
                                    ),
                                    Span (5, 4):(5, 7),
                                ),
                                (
                                    Chain(
                                        [
                                            Symbol "a",
                                        ],
                                    ),
                                    Span (5, 8):(5, 9),
                                ),
                                (
                                    LitInt(
                                        3,
                                    ),
                                    Span (5, 10):(5, 11),
                                ),
                                (
                                    Bracket(
                                        (
                                            Round,
                                            [
                                                Sentence {
                                                    statements: [
                                                        (
                                                            Chain(
                                                                [
                                                                    Symbol "is",
                                                                ],
                                                            ),
                                                            Span (5, 12):(5, 15),
                                                        ),
                                                        (
                                                            Chain(
                                                                [
                                                                    Symbol "a",
                                                                ],
                                                            ),
                                                            Span (5, 16):(5, 17),
                                                        ),
                                                        (
                                                            LitString(
                                                                "hello world \t \n \\ \" ok? ",
                                                            ),
                                                            Span (5, 18):(5, 48),
                                                        ),
                                                    ],
                                                    span: Span (5, 12):(5, 48),
                                                },
                                            ],
                                        ),
                                    ),
                                    Span (5, 48):(5, 49),
                                ),
                            ],
                            span: Span (5, 4):(5, 49),
                        },
                        extension: [],
                        content: [],
                        num: 5,
                    },
                    Line {
                        sentence: Sentence {
                            statements: [
                                (
                                    Chain(
                                        [
                                            Symbol "for",
                                        ],
                                    ),
                                    Span (6, 4):(6, 7),
                                ),
                                (
                                    Chain(
                                        [
                                            Symbol "i",
                                        ],
                                    ),
                                    Span (6, 8):(6, 9),
                                ),
                                (
                                    Chain(
                                        [
                                            Symbol "in",
                                        ],
                                    ),
                                    Span (6, 10):(6, 12),
                                ),
                                (
                                    Chain(
                                        [
                                            Symbol "std",
                                            Symbol "range",
                                            Symbol "range",
                                        ],
                                    ),
                                    Span (6, 13):(6, 28),
                                ),
                                (
                                    Bracket(
                                        (
                                            Round,
                                            [
                                                Sentence {
                                                    statements: [
                                                        (
                                                            LitInt(
                                                                4,
                                                            ),
                                                            Span (6, 28):(6, 30),
                                                        ),
                                                    ],
                                                    span: Span (6, 28):(6, 30),
                                                },
                                            ],
                                        ),
                                    ),
                                    Span (6, 30):(6, 31),
                                ),
                            ],
                            span: Span (6, 4):(6, 31),
                        },
                        extension: [],
                        content: [
                            Line {
                                sentence: Sentence {
                                    statements: [
                                        (
                                            Chain(
                                                [
                                                    Symbol "do",
                                                ],
                                            ),
                                            Span (7, 8):(7, 10),
                                        ),
                                        (
                                            Chain(
                                                [
                                                    Symbol "something",
                                                ],
                                            ),
                                            Span (7, 11):(7, 20),
                                        ),
                                    ],
                                    span: Span (7, 8):(7, 20),
                                },
                                extension: [
                                    Line {
                                        sentence: Sentence {
                                            statements: [
                                                (
                                                    Chain(
                                                        [
                                                            Symbol "maybe",
                                                        ],
                                                    ),
                                                    Span (8, 16):(8, 21),
                                                ),
                                                (
                                                    Chain(
                                                        [
                                                            Symbol "it",
                                                        ],
                                                    ),
                                                    Span (8, 22):(8, 24),
                                                ),
                                                (
                                                    Chain(
                                                        [
                                                            Symbol "will",
                                                        ],
                                                    ),
                                                    Span (8, 25):(8, 29),
                                                ),
                                                (
                                                    Chain(
                                                        [
                                                            Symbol "help",
                                                        ],
                                                    ),
                                                    Span (8, 30):(8, 34),
                                                ),
                                            ],
                                            span: Span (8, 16):(8, 34),
                                        },
                                        extension: [],
                                        content: [],
                                        num: 8,
                                    },
                                ],
                                content: [
                                    Line {
                                        sentence: Sentence {
                                            statements: [
                                                (
                                                    Chain(
                                                        [
                                                            Symbol "extend",
                                                        ],
                                                    ),
                                                    Span (9, 12):(9, 18),
                                                ),
                                                (
                                                    Bracket(
                                                        (
                                                            Round,
                                                            [
                                                                Sentence {
                                                                    statements: [
                                                                        (
                                                                            Chain(
                                                                                [
                                                                                    Symbol "doing",
                                                                                ],
                                                                            ),
                                                                            Span (9, 19):(9, 25),
                                                                        ),
                                                                        (
                                                                            Bracket(
                                                                                (
                                                                                    Square,
                                                                                    [
                                                                                        Sentence {
                                                                                            statements: [
                                                                                                (
                                                                                                    LitInt(
                                                                                                        1,
                                                                                                    ),
                                                                                                    Span (9, 26):(9, 28),
                                                                                                ),
                                                                                                (
                                                                                                    Special(
                                                                                                        Symbol "+",
                                                                                                    ),
                                                                                                    Span (9, 29):(9, 30),
                                                                                                ),
                                                                                                (
                                                                                                    LitInt(
                                                                                                        2345,
                                                                                                    ),
                                                                                                    Span (9, 31):(9, 35),
                                                                                                ),
                                                                                            ],
                                                                                            span: Span (9, 26):(9, 35),
                                                                                        },
                                                                                    ],
                                                                                ),
                                                                            ),
                                                                            Span (9, 35):(9, 36),
                                                                        ),
                                                                    ],
                                                                    span: Span (9, 19):(9, 36),
                                                                },
                                                            ],
                                                        ),
                                                    ),
                                                    Span (9, 36):(9, 37),
                                                ),
                                            ],
                                            span: Span (9, 12):(9, 37),
                                        },
                                        extension: [],
                                        content: [],
                                        num: 9,
                                    },
                                    Line {
                                        sentence: Sentence {
                                            statements: [
                                                (
                                                    Chain(
                                                        [
                                                            Symbol "extend",
                                                        ],
                                                    ),
                                                    Span (10, 12):(10, 18),
                                                ),
                                                (
                                                    Chain(
                                                        [
                                                            Symbol "doing",
                                                        ],
                                                    ),
                                                    Span (10, 19):(10, 24),
                                                ),
                                                (
                                                    LitInt(
                                                        2,
                                                    ),
                                                    Span (10, 25):(10, 26),
                                                ),
                                            ],
                                            span: Span (10, 12):(10, 26),
                                        },
                                        extension: [],
                                        content: [],
                                        num: 10,
                                    },
                                ],
                                num: 7,
                            },
                        ],
                        num: 6,
                    },
                    Line {
                        sentence: Sentence {
                            statements: [
                                (
                                    Chain(
                                        [
                                            Symbol "return",
                                        ],
                                    ),
                                    Span (11, 4):(11, 10),
                                ),
                            ],
                            span: Span (11, 4):(11, 10),
                        },
                        extension: [],
                        content: [],
                        num: 11,
                    },
                ],
                num: 2,
            },
        ],
    },
)