[
    Line {
        line: NodeS {
            node: Phrase(
                [
                    NodeS {
                        node: Chain(
                            [
                                Symbol(0: "class"),
                            ],
                        ),
                        span: Span(0, 5),
                    },
                    NodeS {
                        node: Bracket(
                            Round,
                            [
                                NodeS {
                                    node: Phrase(
                                        [
                                            NodeS {
                                                node: Chain(
                                                    [
                                                        Symbol(1: "some"),
                                                    ],
                                                ),
                                                span: Span(7, 11),
                                            },
                                            NodeS {
                                                node: Chain(
                                                    [
                                                        Symbol(0: "class"),
                                                    ],
                                                ),
                                                span: Span(12, 17),
                                            },
                                        ],
                                    ),
                                    span: Span(7, 17),
                                },
                            ],
                        ),
                        span: Span(6, 18),
                    },
                ],
            ),
            span: Span(0, 18),
        },
        extension: [
            Line {
                line: NodeS {
                    node: Phrase(
                        [
                            NodeS {
                                node: Chain(
                                    [
                                        Symbol(1: "some"),
                                    ],
                                ),
                                span: Span(25, 29),
                            },
                            NodeS {
                                node: Chain(
                                    [
                                        Symbol(2: "property"),
                                    ],
                                ),
                                span: Span(30, 38),
                            },
                        ],
                    ),
                    span: Span(25, 38),
                },
                extension: [],
                block: [],
                span: Span(25, 38),
            },
            Line {
                line: NodeS {
                    node: Phrase(
                        [
                            NodeS {
                                node: Chain(
                                    [
                                        Symbol(3: "another"),
                                    ],
                                ),
                                span: Span(45, 52),
                            },
                        ],
                    ),
                    span: Span(45, 52),
                },
                extension: [],
                block: [],
                span: Span(45, 52),
            },
        ],
        block: [],
        span: Span(0, 52),
    },
    Line {
        line: NodeS {
            node: Phrase(
                [
                    NodeS {
                        node: Chain(
                            [
                                Symbol(6: "fn"),
                            ],
                        ),
                        span: Span(72, 74),
                    },
                    NodeS {
                        node: Chain(
                            [
                                Symbol(7: "func"),
                            ],
                        ),
                        span: Span(75, 79),
                    },
                    NodeS {
                        node: Bracket(
                            Round,
                            [],
                        ),
                        span: Span(79, 81),
                    },
                    NodeS {
                        node: Chain(
                            [
                                Symbol(8: "->"),
                            ],
                        ),
                        span: Span(82, 84),
                    },
                    NodeS {
                        node: Bracket(
                            Round,
                            [
                                NodeS {
                                    node: Phrase(
                                        [
                                            NodeS {
                                                node: Chain(
                                                    [
                                                        Symbol(9: "T"),
                                                    ],
                                                ),
                                                span: Span(86, 87),
                                            },
                                        ],
                                    ),
                                    span: Span(86, 87),
                                },
                            ],
                        ),
                        span: Span(85, 88),
                    },
                ],
            ),
            span: Span(72, 88),
        },
        extension: [
            Line {
                line: NodeS {
                    node: Phrase(
                        [
                            NodeS {
                                node: Chain(
                                    [
                                        Symbol(6: "fn"),
                                    ],
                                ),
                                span: Span(109, 111),
                            },
                            NodeS {
                                node: Chain(
                                    [
                                        Symbol(11: "<--"),
                                    ],
                                ),
                                span: Span(112, 115),
                            },
                            NodeS {
                                node: Chain(
                                    [
                                        Symbol(12: "is"),
                                    ],
                                ),
                                span: Span(116, 118),
                            },
                            NodeS {
                                node: Chain(
                                    [
                                        Symbol(13: "simple"),
                                    ],
                                ),
                                span: Span(119, 125),
                            },
                        ],
                    ),
                    span: Span(109, 125),
                },
                extension: [],
                block: [],
                span: Span(109, 125),
            },
        ],
        block: [
            Line {
                line: NodeS {
                    node: Phrase(
                        [
                            NodeS {
                                node: Chain(
                                    [
                                        Symbol(14: "let"),
                                    ],
                                ),
                                span: Span(128, 131),
                            },
                            NodeS {
                                node: Chain(
                                    [
                                        Symbol(15: "a"),
                                    ],
                                ),
                                span: Span(132, 133),
                            },
                            NodeS {
                                node: LitInt(
                                    3,
                                ),
                                span: Span(134, 135),
                            },
                            NodeS {
                                node: Bracket(
                                    Round,
                                    [
                                        NodeS {
                                            node: Phrase(
                                                [
                                                    NodeS {
                                                        node: Chain(
                                                            [
                                                                Symbol(12: "is"),
                                                            ],
                                                        ),
                                                        span: Span(137, 139),
                                                    },
                                                    NodeS {
                                                        node: Chain(
                                                            [
                                                                Symbol(15: "a"),
                                                            ],
                                                        ),
                                                        span: Span(140, 141),
                                                    },
                                                    NodeS {
                                                        node: LitStr(
                                                            "hello world \t \n \\ \" ok? ",
                                                        ),
                                                        span: Span(142, 172),
                                                    },
                                                ],
                                            ),
                                            span: Span(137, 172),
                                        },
                                    ],
                                ),
                                span: Span(136, 173),
                            },
                        ],
                    ),
                    span: Span(128, 173),
                },
                extension: [],
                block: [],
                span: Span(128, 173),
            },
            Line {
                line: NodeS {
                    node: Phrase(
                        [
                            NodeS {
                                node: Chain(
                                    [
                                        Symbol(16: "for"),
                                    ],
                                ),
                                span: Span(176, 179),
                            },
                            NodeS {
                                node: Chain(
                                    [
                                        Symbol(17: "i"),
                                    ],
                                ),
                                span: Span(180, 181),
                            },
                            NodeS {
                                node: Chain(
                                    [
                                        Symbol(18: "in"),
                                    ],
                                ),
                                span: Span(182, 184),
                            },
                            NodeS {
                                node: Chain(
                                    [
                                        Symbol(19: "std"),
                                        Symbol(20: "range"),
                                        Symbol(20: "range"),
                                    ],
                                ),
                                span: Span(185, 200),
                            },
                            NodeS {
                                node: Bracket(
                                    Round,
                                    [
                                        NodeS {
                                            node: Phrase(
                                                [
                                                    NodeS {
                                                        node: LitInt(
                                                            4,
                                                        ),
                                                        span: Span(201, 202),
                                                    },
                                                ],
                                            ),
                                            span: Span(201, 202),
                                        },
                                    ],
                                ),
                                span: Span(200, 203),
                            },
                        ],
                    ),
                    span: Span(176, 203),
                },
                extension: [],
                block: [
                    Line {
                        line: NodeS {
                            node: Phrase(
                                [
                                    NodeS {
                                        node: Chain(
                                            [
                                                Symbol(21: "do"),
                                            ],
                                        ),
                                        span: Span(208, 210),
                                    },
                                    NodeS {
                                        node: Chain(
                                            [
                                                Symbol(22: "something"),
                                            ],
                                        ),
                                        span: Span(211, 220),
                                    },
                                ],
                            ),
                            span: Span(208, 220),
                        },
                        extension: [
                            Line {
                                line: NodeS {
                                    node: Phrase(
                                        [
                                            NodeS {
                                                node: Chain(
                                                    [
                                                        Symbol(23: "maybe"),
                                                    ],
                                                ),
                                                span: Span(231, 236),
                                            },
                                            NodeS {
                                                node: Chain(
                                                    [
                                                        Symbol(24: "it"),
                                                    ],
                                                ),
                                                span: Span(237, 239),
                                            },
                                            NodeS {
                                                node: Chain(
                                                    [
                                                        Symbol(25: "will"),
                                                    ],
                                                ),
                                                span: Span(240, 244),
                                            },
                                            NodeS {
                                                node: Chain(
                                                    [
                                                        Symbol(26: "help"),
                                                    ],
                                                ),
                                                span: Span(245, 249),
                                            },
                                        ],
                                    ),
                                    span: Span(231, 249),
                                },
                                extension: [],
                                block: [],
                                span: Span(231, 249),
                            },
                        ],
                        block: [
                            Line {
                                line: NodeS {
                                    node: Phrase(
                                        [
                                            NodeS {
                                                node: Chain(
                                                    [
                                                        Symbol(27: "extend"),
                                                    ],
                                                ),
                                                span: Span(256, 262),
                                            },
                                            NodeS {
                                                node: Bracket(
                                                    Round,
                                                    [
                                                        NodeS {
                                                            node: Phrase(
                                                                [
                                                                    NodeS {
                                                                        node: Chain(
                                                                            [
                                                                                Symbol(28: "doing"),
                                                                            ],
                                                                        ),
                                                                        span: Span(264, 269),
                                                                    },
                                                                    NodeS {
                                                                        node: Bracket(
                                                                            Square,
                                                                            [
                                                                                NodeS {
                                                                                    node: Phrase(
                                                                                        [
                                                                                            NodeS {
                                                                                                node: LitInt(
                                                                                                    1,
                                                                                                ),
                                                                                                span: Span(271, 272),
                                                                                            },
                                                                                            NodeS {
                                                                                                node: Chain(
                                                                                                    [
                                                                                                        Symbol(29: "+"),
                                                                                                    ],
                                                                                                ),
                                                                                                span: Span(273, 274),
                                                                                            },
                                                                                            NodeS {
                                                                                                node: LitInt(
                                                                                                    2345,
                                                                                                ),
                                                                                                span: Span(275, 279),
                                                                                            },
                                                                                        ],
                                                                                    ),
                                                                                    span: Span(271, 279),
                                                                                },
                                                                            ],
                                                                        ),
                                                                        span: Span(270, 280),
                                                                    },
                                                                ],
                                                            ),
                                                            span: Span(264, 280),
                                                        },
                                                    ],
                                                ),
                                                span: Span(263, 281),
                                            },
                                        ],
                                    ),
                                    span: Span(256, 281),
                                },
                                extension: [],
                                block: [],
                                span: Span(256, 281),
                            },
                            Line {
                                line: NodeS {
                                    node: Phrase(
                                        [
                                            NodeS {
                                                node: Chain(
                                                    [
                                                        Symbol(27: "extend"),
                                                    ],
                                                ),
                                                span: Span(288, 294),
                                            },
                                            NodeS {
                                                node: Chain(
                                                    [
                                                        Symbol(28: "doing"),
                                                    ],
                                                ),
                                                span: Span(295, 300),
                                            },
                                            NodeS {
                                                node: LitInt(
                                                    2,
                                                ),
                                                span: Span(301, 302),
                                            },
                                        ],
                                    ),
                                    span: Span(288, 302),
                                },
                                extension: [],
                                block: [],
                                span: Span(288, 302),
                            },
                        ],
                        span: Span(208, 302),
                    },
                ],
                span: Span(176, 302),
            },
            Line {
                line: NodeS {
                    node: Phrase(
                        [
                            NodeS {
                                node: Chain(
                                    [
                                        Symbol(30: "return"),
                                    ],
                                ),
                                span: Span(305, 311),
                            },
                        ],
                    ),
                    span: Span(305, 311),
                },
                extension: [],
                block: [],
                span: Span(305, 311),
            },
        ],
        span: Span(72, 311),
    },
]